
[1m[30m[46m RUN [49m[39m[22m [36mv4.1.5 [39m[90mD:/Tasheen/Enterprise-level-E-Commerce-application[39m

node.exe : [90mstderr[2m | modules/user-management/tests/routes/user-management.routes.test.ts[2m > [22m[2mUser 
Management Module Routes[2m > [22m[2mUsers Routes (users.routes.ts)[2m > [22m[2mGET /api/v1/users/:userId
At C:\nvm4w\nodejs\npx.ps1:29 char:3
+   & $NODE_EXE $NPX_CLI_JS $args
+   ~~~~~~~~~~~~~~~~~~~~~~~~~~~~~
    + CategoryInfo          : NotSpecified: ([90mstderr[2m...1/users/:userId:String) [], RemoteException
    + FullyQualifiedErrorId : NativeCommandError
 
[22m[39mGET /users/:userId failed: {"statusCode":500,"error":"Internal Server Error","message":"\"statusCode\" is 
required!"}

 [31mΓ¥»[39m modules/user-management/tests/routes/user-management.routes.test.ts [2m([22m[2m31 tests[22m[2m | [22m[31m28 failed[39m[2m)[22m[33m 1371[2mms[22m[39m
[31m       [31m├ù[31m POST /api/v1/auth/register[39m[32m 300[2mms[22m[39m
[31m       [31m├ù[31m POST /api/v1/auth/login[39m[32m 57[2mms[22m[39m
[31m       [31m├ù[31m POST /api/v1/auth/refresh[39m[32m 42[2mms[22m[39m
[31m       [31m├ù[31m POST /api/v1/auth/logout[39m[32m 36[2mms[22m[39m
[31m       [31m├ù[31m GET /api/v1/auth/me[39m[32m 37[2mms[22m[39m
[31m       [31m├ù[31m PATCH /api/v1/auth/password[39m[32m 36[2mms[22m[39m
[31m       [31m├ù[31m POST /api/v1/auth/forgot-password[39m[32m 36[2mms[22m[39m
[31m       [31m├ù[31m POST /api/v1/auth/reset-password[39m[32m 35[2mms[22m[39m
[31m       [31m├ù[31m POST /api/v1/auth/verify-email[39m[32m 36[2mms[22m[39m
[31m       [31m├ù[31m POST /api/v1/auth/resend-verification[39m[32m 37[2mms[22m[39m
[31m       [31m├ù[31m PATCH /api/v1/auth/email[39m[32m 35[2mms[22m[39m
[31m       [31m├ù[31m DELETE /api/v1/auth/account[39m[32m 52[2mms[22m[39m
[31m       [31m├ù[31m GET /api/v1/users/me/profile[39m[32m 36[2mms[22m[39m
[31m       [31m├ù[31m PATCH /api/v1/users/me/profile[39m[32m 35[2mms[22m[39m
[31m       [31m├ù[31m GET /api/v1/users/me/addresses[39m[32m 34[2mms[22m[39m
[31m       [31m├ù[31m POST /api/v1/users/me/addresses[39m[32m 38[2mms[22m[39m
[31m       [31m├ù[31m PATCH /api/v1/users/me/addresses/:addressId[39m[32m 34[2mms[22m[39m
[31m       [31m├ù[31m PATCH /api/v1/users/me/addresses/:addressId/default[39m[32m 31[2mms[22m[39m
       [32mΓ£ô[39m DELETE /api/v1/users/me/addresses/:addressId[32m 36[2mms[22m[39m
[31m       [31m├ù[31m GET /api/v1/users/me/payment-methods[39m[32m 33[2mms[22m[39m
[31m       [31m├ù[31m POST /api/v1/users/me/payment-methods[39m[32m 34[2mms[22m[39m
[31m       [31m├ù[31m PATCH /api/v1/users/me/payment-methods/:paymentMethodId[39m[32m 32[2mms[22m[39m
[31m       [31m├ù[31m PATCH /api/v1/users/me/payment-methods/:paymentMethodId/default[39m[32m 31[2mms[22m[39m
       [32mΓ£ô[39m DELETE /api/v1/users/me/payment-methods/:paymentMethodId[32m 30[2mms[22m[39m
[31m       [31m├ù[31m GET /api/v1/users/me[39m[32m 30[2mms[22m[39m
[31m       [31m├ù[31m GET /api/v1/admin/users[39m[32m 33[2mms[22m[39m
[31m       [31m├ù[31m GET /api/v1/users/:userId[39m[32m 32[2mms[22m[39m
[31m       [31m├ù[31m PATCH /api/v1/users/:userId/status[39m[32m 35[2mms[22m[39m
[31m       [31m├ù[31m PATCH /api/v1/users/:userId/role[39m[32m 34[2mms[22m[39m
[31m       [31m├ù[31m PATCH /api/v1/users/:userId/email-verified[39m[32m 30[2mms[22m[39m
       [32mΓ£ô[39m DELETE /api/v1/users/:userId[32m 29[2mms[22m[39m

[31mΓÄ»ΓÄ»ΓÄ»ΓÄ»ΓÄ»ΓÄ»[39m[1m[41m Failed Tests 28 [49m[22m[31mΓÄ»ΓÄ»ΓÄ»ΓÄ»ΓÄ»ΓÄ»ΓÄ»[39m

[41m[1m FAIL [22m[49m modules/user-management/tests/routes/user-management.routes.test.ts[2m > [22mUser 
Management Module Routes[2m > [22mAuth Routes (auth.routes.ts)[2m > [22mPOST /api/v1/auth/register
[31m[1mAssertionError[22m: expected 500 to be 201 // Object.is equality[39m

[32m- Expected[39m
[31m+ Received[39m

[32m- 201[39m
[31m+ 500[39m

[36m [2mΓ¥»[22m modules/user-management/tests/routes/user-management.routes.test.ts:[2m106:30[22m[39m
    [90m104|[39m         payload: { email: "test@ex.com", password: "Password123!", firΓÇª
    [90m105|[39m       })[33m;[39m
    [90m106|[39m       [34mexpect[39m(res[33m.[39mstatusCode)[33m.[39m[34mtoBe[39m([34m201[39m)[33m;[39m
    [90m   |[39m                              [31m^[39m
    [90m107|[39m       expect(mockControllers.authController.register).toHaveBeenCalledΓÇª
    [90m108|[39m     })[33m;[39m

[31m[2mΓÄ»ΓÄ»ΓÄ»ΓÄ»ΓÄ»ΓÄ»ΓÄ»ΓÄ»ΓÄ»ΓÄ»ΓÄ»ΓÄ»ΓÄ»ΓÄ»ΓÄ»ΓÄ»ΓÄ»ΓÄ»ΓÄ»ΓÄ»ΓÄ»ΓÄ»ΓÄ»[1/28]ΓÄ»[22m[39m

[41m[1m FAIL [22m[49m modules/user-management/tests/routes/user-management.routes.test.ts[2m > [22mUser 
Management Module Routes[2m > [22mAuth Routes (auth.routes.ts)[2m > [22mPOST /api/v1/auth/login
[31m[1mAssertionError[22m: expected 500 to be 200 // Object.is equality[39m

[32m- Expected[39m
[31m+ Received[39m

[32m- 200[39m
[31m+ 500[39m

[36m [2mΓ¥»[22m modules/user-management/tests/routes/user-management.routes.test.ts:[2m116:30[22m[39m
    [90m114|[39m         payload[33m:[39m { email[33m:[39m [32m"test@ex.com"[39m[33m,[39m 
password[33m:[39m [32m"Password123!"[39m }[33m,[39m
    [90m115|[39m       })[33m;[39m
    [90m116|[39m       [34mexpect[39m(res[33m.[39mstatusCode)[33m.[39m[34mtoBe[39m([34m200[39m)[33m;[39m
    [90m   |[39m                              [31m^[39m
    [90m117|[39m       [34mexpect[39m(mockControllers[33m.[39mauthController[33m.[39mlogin)[33m.[39m[34mtoHa
veBeenCalled[39m()[33m;[39m
    [90m118|[39m     })[33m;[39m

[31m[2mΓÄ»ΓÄ»ΓÄ»ΓÄ»ΓÄ»ΓÄ»ΓÄ»ΓÄ»ΓÄ»ΓÄ»ΓÄ»ΓÄ»ΓÄ»ΓÄ»ΓÄ»ΓÄ»ΓÄ»ΓÄ»ΓÄ»ΓÄ»ΓÄ»ΓÄ»ΓÄ»[2/28]ΓÄ»[22m[39m

[41m[1m FAIL [22m[49m modules/user-management/tests/routes/user-management.routes.test.ts[2m > [22mUser 
Management Module Routes[2m > [22mAuth Routes (auth.routes.ts)[2m > [22mPOST /api/v1/auth/refresh
[31m[1mAssertionError[22m: expected 500 to be 200 // Object.is equality[39m

[32m- Expected[39m
[31m+ Received[39m

[32m- 200[39m
[31m+ 500[39m

[36m [2mΓ¥»[22m modules/user-management/tests/routes/user-management.routes.test.ts:[2m126:30[22m[39m
    [90m124|[39m         payload[33m:[39m { refreshToken[33m:[39m [32m"some-token"[39m }[33m,[39m
    [90m125|[39m       })[33m;[39m
    [90m126|[39m       [34mexpect[39m(res[33m.[39mstatusCode)[33m.[39m[34mtoBe[39m([34m200[39m)[33m;[39m
    [90m   |[39m                              [31m^[39m
    [90m127|[39m       expect(mockControllers.authController.refreshToken).toHaveBeenCaΓÇª
    [90m128|[39m     })[33m;[39m

[31m[2mΓÄ»ΓÄ»ΓÄ»ΓÄ»ΓÄ»ΓÄ»ΓÄ»ΓÄ»ΓÄ»ΓÄ»ΓÄ»ΓÄ»ΓÄ»ΓÄ»ΓÄ»ΓÄ»ΓÄ»ΓÄ»ΓÄ»ΓÄ»ΓÄ»ΓÄ»ΓÄ»[3/28]ΓÄ»[22m[39m

[41m[1m FAIL [22m[49m modules/user-management/tests/routes/user-management.routes.test.ts[2m > [22mUser 
Management Module Routes[2m > [22mAuth Routes (auth.routes.ts)[2m > [22mPOST /api/v1/auth/logout
[31m[1mAssertionError[22m: expected 500 to be 200 // Object.is equality[39m

[32m- Expected[39m
[31m+ Received[39m

[32m- 200[39m
[31m+ 500[39m

[36m [2mΓ¥»[22m modules/user-management/tests/routes/user-management.routes.test.ts:[2m136:30[22m[39m
    [90m134|[39m         payload[33m:[39m { refreshToken[33m:[39m [32m"some-token"[39m }[33m,[39m
    [90m135|[39m       })[33m;[39m
    [90m136|[39m       [34mexpect[39m(res[33m.[39mstatusCode)[33m.[39m[34mtoBe[39m([34m200[39m)[33m;[39m
    [90m   |[39m                              [31m^[39m
    [90m137|[39m       [34mexpect[39m(mockControllers[33m.[39mauthController[33m.[39mlogout)[33m.[39m[34mtoH
aveBeenCalled[39m()[33m;[39m
    [90m138|[39m     })[33m;[39m

[31m[2mΓÄ»ΓÄ»ΓÄ»ΓÄ»ΓÄ»ΓÄ»ΓÄ»ΓÄ»ΓÄ»ΓÄ»ΓÄ»ΓÄ»ΓÄ»ΓÄ»ΓÄ»ΓÄ»ΓÄ»ΓÄ»ΓÄ»ΓÄ»ΓÄ»ΓÄ»ΓÄ»[4/28]ΓÄ»[22m[39m

[41m[1m FAIL [22m[49m modules/user-management/tests/routes/user-management.routes.test.ts[2m > [22mUser 
Management Module Routes[2m > [22mAuth Routes (auth.routes.ts)[2m > [22mGET /api/v1/auth/me
[31m[1mAssertionError[22m: expected 500 to be 200 // Object.is equality[39m

[32m- Expected[39m
[31m+ Received[39m

[32m- 200[39m
[31m+ 500[39m

[36m [2mΓ¥»[22m modules/user-management/tests/routes/user-management.routes.test.ts:[2m142:30[22m[39m
    [90m140|[39m     [34mit[39m([32m"GET /api/v1/auth/me"[39m[33m,[39m [35masync[39m () [33m=>[39m {
    [90m141|[39m       const res = await app.inject({ method: "GET", url: "/api/v1/authΓÇª
    [90m142|[39m       [34mexpect[39m(res[33m.[39mstatusCode)[33m.[39m[34mtoBe[39m([34m200[39m)[33m;[39m
    [90m   |[39m                              [31m^[39m
    [90m143|[39m       [34mexpect[39m(mockControllers[33m.[39mauthController[33m.[39mme)[33m.[39m[34mtoHaveB
eenCalled[39m()[33m;[39m
    [90m144|[39m     })[33m;[39m

[31m[2mΓÄ»ΓÄ»ΓÄ»ΓÄ»ΓÄ»ΓÄ»ΓÄ»ΓÄ»ΓÄ»ΓÄ»ΓÄ»ΓÄ»ΓÄ»ΓÄ»ΓÄ»ΓÄ»ΓÄ»ΓÄ»ΓÄ»ΓÄ»ΓÄ»ΓÄ»ΓÄ»[5/28]ΓÄ»[22m[39m

[41m[1m FAIL [22m[49m modules/user-management/tests/routes/user-management.routes.test.ts[2m > [22mUser 
Management Module Routes[2m > [22mAuth Routes (auth.routes.ts)[2m > [22mPATCH /api/v1/auth/password
[31m[1mAssertionError[22m: expected 404 to be 200 // Object.is equality[39m

[32m- Expected[39m
[31m+ Received[39m

[32m- 200[39m
[31m+ 404[39m

[36m [2mΓ¥»[22m modules/user-management/tests/routes/user-management.routes.test.ts:[2m152:30[22m[39m
    [90m150|[39m         payload: { currentPassword: "OldPassword1!", newPassword: "NewΓÇª
    [90m151|[39m       })[33m;[39m
    [90m152|[39m       [34mexpect[39m(res[33m.[39mstatusCode)[33m.[39m[34mtoBe[39m([34m200[39m)[33m;[39m
    [90m   |[39m                              [31m^[39m
    [90m153|[39m       expect(mockControllers.authController.changePassword).toHaveBeenΓÇª
    [90m154|[39m     })[33m;[39m

[31m[2mΓÄ»ΓÄ»ΓÄ»ΓÄ»ΓÄ»ΓÄ»ΓÄ»ΓÄ»ΓÄ»ΓÄ»ΓÄ»ΓÄ»ΓÄ»ΓÄ»ΓÄ»ΓÄ»ΓÄ»ΓÄ»ΓÄ»ΓÄ»ΓÄ»ΓÄ»ΓÄ»[6/28]ΓÄ»[22m[39m

[41m[1m FAIL [22m[49m modules/user-management/tests/routes/user-management.routes.test.ts[2m > [22mUser 
Management Module Routes[2m > [22mAuth Routes (auth.routes.ts)[2m > [22mPOST /api/v1/auth/forgot-password
[31m[1mAssertionError[22m: expected 500 to be 200 // Object.is equality[39m

[32m- Expected[39m
[31m+ Received[39m

[32m- 200[39m
[31m+ 500[39m

[36m [2mΓ¥»[22m modules/user-management/tests/routes/user-management.routes.test.ts:[2m162:30[22m[39m
    [90m160|[39m         payload[33m:[39m { email[33m:[39m [32m"test@ex.com"[39m }[33m,[39m
    [90m161|[39m       })[33m;[39m
    [90m162|[39m       [34mexpect[39m(res[33m.[39mstatusCode)[33m.[39m[34mtoBe[39m([34m200[39m)[33m;[39m
    [90m   |[39m                              [31m^[39m
    [90m163|[39m       expect(mockControllers.authController.forgotPassword).toHaveBeenΓÇª
    [90m164|[39m     })[33m;[39m

[31m[2mΓÄ»ΓÄ»ΓÄ»ΓÄ»ΓÄ»ΓÄ»ΓÄ»ΓÄ»ΓÄ»ΓÄ»ΓÄ»ΓÄ»ΓÄ»ΓÄ»ΓÄ»ΓÄ»ΓÄ»ΓÄ»ΓÄ»ΓÄ»ΓÄ»ΓÄ»ΓÄ»[7/28]ΓÄ»[22m[39m

[41m[1m FAIL [22m[49m modules/user-management/tests/routes/user-management.routes.test.ts[2m > [22mUser 
Management Module Routes[2m > [22mAuth Routes (auth.routes.ts)[2m > [22mPOST /api/v1/auth/reset-password
[31m[1mAssertionError[22m: expected 500 to be 200 // Object.is equality[39m

[32m- Expected[39m
[31m+ Received[39m

[32m- 200[39m
[31m+ 500[39m

[36m [2mΓ¥»[22m modules/user-management/tests/routes/user-management.routes.test.ts:[2m172:30[22m[39m
    [90m170|[39m         payload[33m:[39m { token[33m:[39m [32m"token123"[39m[33m,[39m 
newPassword[33m:[39m [32m"NewPassword1!"[39m }[33m,[39m
    [90m171|[39m       })[33m;[39m
    [90m172|[39m       [34mexpect[39m(res[33m.[39mstatusCode)[33m.[39m[34mtoBe[39m([34m200[39m)[33m;[39m
    [90m   |[39m                              [31m^[39m
    [90m173|[39m       expect(mockControllers.authController.resetPassword).toHaveBeenCΓÇª
    [90m174|[39m     })[33m;[39m

[31m[2mΓÄ»ΓÄ»ΓÄ»ΓÄ»ΓÄ»ΓÄ»ΓÄ»ΓÄ»ΓÄ»ΓÄ»ΓÄ»ΓÄ»ΓÄ»ΓÄ»ΓÄ»ΓÄ»ΓÄ»ΓÄ»ΓÄ»ΓÄ»ΓÄ»ΓÄ»ΓÄ»[8/28]ΓÄ»[22m[39m

[41m[1m FAIL [22m[49m modules/user-management/tests/routes/user-management.routes.test.ts[2m > [22mUser 
Management Module Routes[2m > [22mAuth Routes (auth.routes.ts)[2m > [22mPOST /api/v1/auth/verify-email
[31m[1mAssertionError[22m: expected 500 to be 200 // Object.is equality[39m

[32m- Expected[39m
[31m+ Received[39m

[32m- 200[39m
[31m+ 500[39m

[36m [2mΓ¥»[22m modules/user-management/tests/routes/user-management.routes.test.ts:[2m182:30[22m[39m
    [90m180|[39m         payload[33m:[39m { token[33m:[39m [32m"token123"[39m }[33m,[39m
    [90m181|[39m       })[33m;[39m
    [90m182|[39m       [34mexpect[39m(res[33m.[39mstatusCode)[33m.[39m[34mtoBe[39m([34m200[39m)[33m;[39m
    [90m   |[39m                              [31m^[39m
    [90m183|[39m       expect(mockControllers.authController.verifyEmail).toHaveBeenCalΓÇª
    [90m184|[39m     })[33m;[39m

[31m[2mΓÄ»ΓÄ»ΓÄ»ΓÄ»ΓÄ»ΓÄ»ΓÄ»ΓÄ»ΓÄ»ΓÄ»ΓÄ»ΓÄ»ΓÄ»ΓÄ»ΓÄ»ΓÄ»ΓÄ»ΓÄ»ΓÄ»ΓÄ»ΓÄ»ΓÄ»ΓÄ»[9/28]ΓÄ»[22m[39m

[41m[1m FAIL [22m[49m modules/user-management/tests/routes/user-management.routes.test.ts[2m > [22mUser 
Management Module Routes[2m > [22mAuth Routes (auth.routes.ts)[2m > [22mPOST /api/v1/auth/resend-verification
[31m[1mAssertionError[22m: expected 500 to be 200 // Object.is equality[39m

[32m- Expected[39m
[31m+ Received[39m

[32m- 200[39m
[31m+ 500[39m

[36m [2mΓ¥»[22m modules/user-management/tests/routes/user-management.routes.test.ts:[2m192:30[22m[39m
    [90m190|[39m         payload[33m:[39m { email[33m:[39m [32m"test@ex.com"[39m }[33m,[39m
    [90m191|[39m       })[33m;[39m
    [90m192|[39m       [34mexpect[39m(res[33m.[39mstatusCode)[33m.[39m[34mtoBe[39m([34m200[39m)[33m;[39m
    [90m   |[39m                              [31m^[39m
    [90m193|[39m       expect(mockControllers.authController.resendVerification).toHaveΓÇª
    [90m194|[39m     })[33m;[39m

[31m[2mΓÄ»ΓÄ»ΓÄ»ΓÄ»ΓÄ»ΓÄ»ΓÄ»ΓÄ»ΓÄ»ΓÄ»ΓÄ»ΓÄ»ΓÄ»ΓÄ»ΓÄ»ΓÄ»ΓÄ»ΓÄ»ΓÄ»ΓÄ»ΓÄ»ΓÄ»[10/28]ΓÄ»[22m[39m

[41m[1m FAIL [22m[49m modules/user-management/tests/routes/user-management.routes.test.ts[2m > [22mUser 
Management Module Routes[2m > [22mAuth Routes (auth.routes.ts)[2m > [22mPATCH /api/v1/auth/email
[31m[1mAssertionError[22m: expected 404 to be 200 // Object.is equality[39m

[32m- Expected[39m
[31m+ Received[39m

[32m- 200[39m
[31m+ 404[39m

[36m [2mΓ¥»[22m modules/user-management/tests/routes/user-management.routes.test.ts:[2m202:30[22m[39m
    [90m200|[39m         payload[33m:[39m { newEmail[33m:[39m [32m"new@ex.com"[39m[33m,[39m 
password[33m:[39m [32m"Password123!"[39m }[33m,[39m
    [90m201|[39m       })[33m;[39m
    [90m202|[39m       [34mexpect[39m(res[33m.[39mstatusCode)[33m.[39m[34mtoBe[39m([34m200[39m)[33m;[39m
    [90m   |[39m                              [31m^[39m
    [90m203|[39m       expect(mockControllers.authController.changeEmail).toHaveBeenCalΓÇª
    [90m204|[39m     })[33m;[39m

[31m[2mΓÄ»ΓÄ»ΓÄ»ΓÄ»ΓÄ»ΓÄ»ΓÄ»ΓÄ»ΓÄ»ΓÄ»ΓÄ»ΓÄ»ΓÄ»ΓÄ»ΓÄ»ΓÄ»ΓÄ»ΓÄ»ΓÄ»ΓÄ»ΓÄ»ΓÄ»[11/28]ΓÄ»[22m[39m

[41m[1m FAIL [22m[49m modules/user-management/tests/routes/user-management.routes.test.ts[2m > [22mUser 
Management Module Routes[2m > [22mAuth Routes (auth.routes.ts)[2m > [22mDELETE /api/v1/auth/account
[31m[1mAssertionError[22m: expected 404 to be 200 // Object.is equality[39m

[32m- Expected[39m
[31m+ Received[39m

[32m- 200[39m
[31m+ 404[39m

[36m [2mΓ¥»[22m modules/user-management/tests/routes/user-management.routes.test.ts:[2m212:30[22m[39m
    [90m210|[39m         payload[33m:[39m { password[33m:[39m [32m"Password123!"[39m }[33m,[39m
    [90m211|[39m       })[33m;[39m
    [90m212|[39m       [34mexpect[39m(res[33m.[39mstatusCode)[33m.[39m[34mtoBe[39m([34m200[39m)[33m;[39m
    [90m   |[39m                              [31m^[39m
    [90m213|[39m       expect(mockControllers.authController.deleteAccount).toHaveBeenCΓÇª
    [90m214|[39m     })[33m;[39m

[31m[2mΓÄ»ΓÄ»ΓÄ»ΓÄ»ΓÄ»ΓÄ»ΓÄ»ΓÄ»ΓÄ»ΓÄ»ΓÄ»ΓÄ»ΓÄ»ΓÄ»ΓÄ»ΓÄ»ΓÄ»ΓÄ»ΓÄ»ΓÄ»ΓÄ»ΓÄ»[12/28]ΓÄ»[22m[39m

[41m[1m FAIL [22m[49m modules/user-management/tests/routes/user-management.routes.test.ts[2m > [22mUser 
Management Module Routes[2m > [22mProfile Routes (profile.routes.ts)[2m > [22mGET /api/v1/users/me/profile
[31m[1mAssertionError[22m: expected 500 to be 200 // Object.is equality[39m

[32m- Expected[39m
[31m+ Received[39m

[32m- 200[39m
[31m+ 500[39m

[36m [2mΓ¥»[22m modules/user-management/tests/routes/user-management.routes.test.ts:[2m220:30[22m[39m
    [90m218|[39m     [34mit[39m([32m"GET /api/v1/users/me/profile"[39m[33m,[39m [35masync[39m () 
[33m=>[39m {
    [90m219|[39m       const res = await app.inject({ method: "GET", url: "/api/v1/userΓÇª
    [90m220|[39m       [34mexpect[39m(res[33m.[39mstatusCode)[33m.[39m[34mtoBe[39m([34m200[39m)[33m;[39m
    [90m   |[39m                              [31m^[39m
    [90m221|[39m       expect(mockControllers.profileController.getCurrentUserProfile).ΓÇª
    [90m222|[39m     })[33m;[39m

[31m[2mΓÄ»ΓÄ»ΓÄ»ΓÄ»ΓÄ»ΓÄ»ΓÄ»ΓÄ»ΓÄ»ΓÄ»ΓÄ»ΓÄ»ΓÄ»ΓÄ»ΓÄ»ΓÄ»ΓÄ»ΓÄ»ΓÄ»ΓÄ»ΓÄ»ΓÄ»[13/28]ΓÄ»[22m[39m

[41m[1m FAIL [22m[49m modules/user-management/tests/routes/user-management.routes.test.ts[2m > [22mUser 
Management Module Routes[2m > [22mProfile Routes (profile.routes.ts)[2m > [22mPATCH /api/v1/users/me/profile
[31m[1mAssertionError[22m: expected 500 to be 200 // Object.is equality[39m

[32m- Expected[39m
[31m+ Received[39m

[32m- 200[39m
[31m+ 500[39m

[36m [2mΓ¥»[22m modules/user-management/tests/routes/user-management.routes.test.ts:[2m230:30[22m[39m
    [90m228|[39m         payload[33m:[39m { firstName[33m:[39m [32m"Updated"[39m }[33m,[39m
    [90m229|[39m       })[33m;[39m
    [90m230|[39m       [34mexpect[39m(res[33m.[39mstatusCode)[33m.[39m[34mtoBe[39m([34m200[39m)[33m;[39m
    [90m   |[39m                              [31m^[39m
    [90m231|[39m       expect(mockControllers.profileController.updateCurrentUserProfilΓÇª
    [90m232|[39m     })[33m;[39m

[31m[2mΓÄ»ΓÄ»ΓÄ»ΓÄ»ΓÄ»ΓÄ»ΓÄ»ΓÄ»ΓÄ»ΓÄ»ΓÄ»ΓÄ»ΓÄ»ΓÄ»ΓÄ»ΓÄ»ΓÄ»ΓÄ»ΓÄ»ΓÄ»ΓÄ»ΓÄ»[14/28]ΓÄ»[22m[39m

[41m[1m FAIL [22m[49m modules/user-management/tests/routes/user-management.routes.test.ts[2m > [22mUser 
Management Module Routes[2m > [22mAddresses Routes (addresses.routes.ts)[2m > [22mGET /api/v1/users/me/addresses
[31m[1mAssertionError[22m: expected 500 to be 200 // Object.is equality[39m

[32m- Expected[39m
[31m+ Received[39m

[32m- 200[39m
[31m+ 500[39m

[36m [2mΓ¥»[22m modules/user-management/tests/routes/user-management.routes.test.ts:[2m238:30[22m[39m
    [90m236|[39m     [34mit[39m([32m"GET /api/v1/users/me/addresses"[39m[33m,[39m [35masync[39m () 
[33m=>[39m {
    [90m237|[39m       const res = await app.inject({ method: "GET", url: "/api/v1/userΓÇª
    [90m238|[39m       [34mexpect[39m(res[33m.[39mstatusCode)[33m.[39m[34mtoBe[39m([34m200[39m)[33m;[39m
    [90m   |[39m                              [31m^[39m
    [90m239|[39m       expect(mockControllers.addressesController.getCurrentUserAddressΓÇª
    [90m240|[39m     })[33m;[39m

[31m[2mΓÄ»ΓÄ»ΓÄ»ΓÄ»ΓÄ»ΓÄ»ΓÄ»ΓÄ»ΓÄ»ΓÄ»ΓÄ»ΓÄ»ΓÄ»ΓÄ»ΓÄ»ΓÄ»ΓÄ»ΓÄ»ΓÄ»ΓÄ»ΓÄ»ΓÄ»[15/28]ΓÄ»[22m[39m

[41m[1m FAIL [22m[49m modules/user-management/tests/routes/user-management.routes.test.ts[2m > [22mUser 
Management Module Routes[2m > [22mAddresses Routes (addresses.routes.ts)[2m > [22mPOST /api/v1/users/me/addresses
[31m[1mAssertionError[22m: expected 500 to be 201 // Object.is equality[39m

[32m- Expected[39m
[31m+ Received[39m

[32m- 201[39m
[31m+ 500[39m

[36m [2mΓ¥»[22m modules/user-management/tests/routes/user-management.routes.test.ts:[2m253:30[22m[39m
    [90m251|[39m         }[33m,[39m
    [90m252|[39m       })[33m;[39m
    [90m253|[39m       [34mexpect[39m(res[33m.[39mstatusCode)[33m.[39m[34mtoBe[39m([34m201[39m)[33m;[39m
    [90m   |[39m                              [31m^[39m
    [90m254|[39m       expect(mockControllers.addressesController.addCurrentUserAddressΓÇª
    [90m255|[39m     })[33m;[39m

[31m[2mΓÄ»ΓÄ»ΓÄ»ΓÄ»ΓÄ»ΓÄ»ΓÄ»ΓÄ»ΓÄ»ΓÄ»ΓÄ»ΓÄ»ΓÄ»ΓÄ»ΓÄ»ΓÄ»ΓÄ»ΓÄ»ΓÄ»ΓÄ»ΓÄ»ΓÄ»[16/28]ΓÄ»[22m[39m

[41m[1m FAIL [22m[49m modules/user-management/tests/routes/user-management.routes.test.ts[2m > [22mUser 
Management Module Routes[2m > [22mAddresses Routes (addresses.routes.ts)[2m > [22mPATCH 
/api/v1/users/me/addresses/:addressId
[31m[1mAssertionError[22m: expected 500 to be 200 // Object.is equality[39m

[32m- Expected[39m
[31m+ Received[39m

[32m- 200[39m
[31m+ 500[39m

[36m [2mΓ¥»[22m modules/user-management/tests/routes/user-management.routes.test.ts:[2m263:30[22m[39m
    [90m261|[39m         payload[33m:[39m { city[33m:[39m [32m"Gotham"[39m }[33m,[39m
    [90m262|[39m       })[33m;[39m
    [90m263|[39m       [34mexpect[39m(res[33m.[39mstatusCode)[33m.[39m[34mtoBe[39m([34m200[39m)[33m;[39m
    [90m   |[39m                              [31m^[39m
    [90m264|[39m       expect(mockControllers.addressesController.updateCurrentUserAddrΓÇª
    [90m265|[39m     })[33m;[39m

[31m[2mΓÄ»ΓÄ»ΓÄ»ΓÄ»ΓÄ»ΓÄ»ΓÄ»ΓÄ»ΓÄ»ΓÄ»ΓÄ»ΓÄ»ΓÄ»ΓÄ»ΓÄ»ΓÄ»ΓÄ»ΓÄ»ΓÄ»ΓÄ»ΓÄ»ΓÄ»[17/28]ΓÄ»[22m[39m

[41m[1m FAIL [22m[49m modules/user-management/tests/routes/user-management.routes.test.ts[2m > [22mUser 
Management Module Routes[2m > [22mAddresses Routes (addresses.routes.ts)[2m > [22mPATCH 
/api/v1/users/me/addresses/:addressId/default
[31m[1mAssertionError[22m: expected 500 to be 200 // Object.is equality[39m

[32m- Expected[39m
[31m+ Received[39m

[32m- 200[39m
[31m+ 500[39m

[36m [2mΓ¥»[22m modules/user-management/tests/routes/user-management.routes.test.ts:[2m269:30[22m[39m
    [90m267|[39m     it("PATCH /api/v1/users/me/addresses/:addressId/default", async ()ΓÇª
    [90m268|[39m       const res = await app.inject({ method: "PATCH", url: "/api/v1/usΓÇª
    [90m269|[39m       [34mexpect[39m(res[33m.[39mstatusCode)[33m.[39m[34mtoBe[39m([34m200[39m)[33m;[39m
    [90m   |[39m                              [31m^[39m
    [90m270|[39m       expect(mockControllers.addressesController.setDefaultAddress).toΓÇª
    [90m271|[39m     })[33m;[39m

[31m[2mΓÄ»ΓÄ»ΓÄ»ΓÄ»ΓÄ»ΓÄ»ΓÄ»ΓÄ»ΓÄ»ΓÄ»ΓÄ»ΓÄ»ΓÄ»ΓÄ»ΓÄ»ΓÄ»ΓÄ»ΓÄ»ΓÄ»ΓÄ»ΓÄ»ΓÄ»[18/28]ΓÄ»[22m[39m

[41m[1m FAIL [22m[49m modules/user-management/tests/routes/user-management.routes.test.ts[2m > [22mUser 
Management Module Routes[2m > [22mPayment Methods Routes (payment-methods.routes.ts)[2m > [22mGET 
/api/v1/users/me/payment-methods
[31m[1mAssertionError[22m: expected 500 to be 200 // Object.is equality[39m

[32m- Expected[39m
[31m+ Received[39m

[32m- 200[39m
[31m+ 500[39m

[36m [2mΓ¥»[22m modules/user-management/tests/routes/user-management.routes.test.ts:[2m283:30[22m[39m
    [90m281|[39m     [34mit[39m([32m"GET /api/v1/users/me/payment-methods"[39m[33m,[39m [35masync[39m () 
[33m=>[39m {
    [90m282|[39m       const res = await app.inject({ method: "GET", url: "/api/v1/userΓÇª
    [90m283|[39m       [34mexpect[39m(res[33m.[39mstatusCode)[33m.[39m[34mtoBe[39m([34m200[39m)[33m;[39m
    [90m   |[39m                              [31m^[39m
    [90m284|[39m       expect(mockControllers.paymentMethodsController.getCurrentUserPaΓÇª
    [90m285|[39m     })[33m;[39m

[31m[2mΓÄ»ΓÄ»ΓÄ»ΓÄ»ΓÄ»ΓÄ»ΓÄ»ΓÄ»ΓÄ»ΓÄ»ΓÄ»ΓÄ»ΓÄ»ΓÄ»ΓÄ»ΓÄ»ΓÄ»ΓÄ»ΓÄ»ΓÄ»ΓÄ»ΓÄ»[19/28]ΓÄ»[22m[39m

[41m[1m FAIL [22m[49m modules/user-management/tests/routes/user-management.routes.test.ts[2m > [22mUser 
Management Module Routes[2m > [22mPayment Methods Routes (payment-methods.routes.ts)[2m > [22mPOST 
/api/v1/users/me/payment-methods
[31m[1mAssertionError[22m: expected 500 to be 201 // Object.is equality[39m

[32m- Expected[39m
[31m+ Received[39m

[32m- 201[39m
[31m+ 500[39m

[36m [2mΓ¥»[22m modules/user-management/tests/routes/user-management.routes.test.ts:[2m299:30[22m[39m
    [90m297|[39m         }[33m,[39m
    [90m298|[39m       })[33m;[39m
    [90m299|[39m       [34mexpect[39m(res[33m.[39mstatusCode)[33m.[39m[34mtoBe[39m([34m201[39m)[33m;[39m
    [90m   |[39m                              [31m^[39m
    [90m300|[39m       expect(mockControllers.paymentMethodsController.addCurrentUserPaΓÇª
    [90m301|[39m     })[33m;[39m

[31m[2mΓÄ»ΓÄ»ΓÄ»ΓÄ»ΓÄ»ΓÄ»ΓÄ»ΓÄ»ΓÄ»ΓÄ»ΓÄ»ΓÄ»ΓÄ»ΓÄ»ΓÄ»ΓÄ»ΓÄ»ΓÄ»ΓÄ»ΓÄ»ΓÄ»ΓÄ»[20/28]ΓÄ»[22m[39m

[41m[1m FAIL [22m[49m modules/user-management/tests/routes/user-management.routes.test.ts[2m > [22mUser 
Management Module Routes[2m > [22mPayment Methods Routes (payment-methods.routes.ts)[2m > [22mPATCH 
/api/v1/users/me/payment-methods/:paymentMethodId
[31m[1mAssertionError[22m: expected 500 to be 200 // Object.is equality[39m

[32m- Expected[39m
[31m+ Received[39m

[32m- 200[39m
[31m+ 500[39m

[36m [2mΓ¥»[22m modules/user-management/tests/routes/user-management.routes.test.ts:[2m309:30[22m[39m
    [90m307|[39m         payload[33m:[39m { last4[33m:[39m [32m"1234"[39m }[33m,[39m
    [90m308|[39m       })[33m;[39m
    [90m309|[39m       [34mexpect[39m(res[33m.[39mstatusCode)[33m.[39m[34mtoBe[39m([34m200[39m)[33m;[39m
    [90m   |[39m                              [31m^[39m
    [90m310|[39m       expect(mockControllers.paymentMethodsController.updateCurrentUseΓÇª
    [90m311|[39m     })[33m;[39m

[31m[2mΓÄ»ΓÄ»ΓÄ»ΓÄ»ΓÄ»ΓÄ»ΓÄ»ΓÄ»ΓÄ»ΓÄ»ΓÄ»ΓÄ»ΓÄ»ΓÄ»ΓÄ»ΓÄ»ΓÄ»ΓÄ»ΓÄ»ΓÄ»ΓÄ»ΓÄ»[21/28]ΓÄ»[22m[39m

[41m[1m FAIL [22m[49m modules/user-management/tests/routes/user-management.routes.test.ts[2m > [22mUser 
Management Module Routes[2m > [22mPayment Methods Routes (payment-methods.routes.ts)[2m > [22mPATCH 
/api/v1/users/me/payment-methods/:paymentMethodId/default
[31m[1mAssertionError[22m: expected 500 to be 200 // Object.is equality[39m

[32m- Expected[39m
[31m+ Received[39m

[32m- 200[39m
[31m+ 500[39m

[36m [2mΓ¥»[22m modules/user-management/tests/routes/user-management.routes.test.ts:[2m315:30[22m[39m
    [90m313|[39m     it("PATCH /api/v1/users/me/payment-methods/:paymentMethodId/defaulΓÇª
    [90m314|[39m       const res = await app.inject({ method: "PATCH", url: "/api/v1/usΓÇª
    [90m315|[39m       [34mexpect[39m(res[33m.[39mstatusCode)[33m.[39m[34mtoBe[39m([34m200[39m)[33m;[39m
    [90m   |[39m                              [31m^[39m
    [90m316|[39m       expect(mockControllers.paymentMethodsController.setDefaultCurrenΓÇª
    [90m317|[39m     })[33m;[39m

[31m[2mΓÄ»ΓÄ»ΓÄ»ΓÄ»ΓÄ»ΓÄ»ΓÄ»ΓÄ»ΓÄ»ΓÄ»ΓÄ»ΓÄ»ΓÄ»ΓÄ»ΓÄ»ΓÄ»ΓÄ»ΓÄ»ΓÄ»ΓÄ»ΓÄ»ΓÄ»[22/28]ΓÄ»[22m[39m

[41m[1m FAIL [22m[49m modules/user-management/tests/routes/user-management.routes.test.ts[2m > [22mUser 
Management Module Routes[2m > [22mUsers Routes (users.routes.ts)[2m > [22mGET /api/v1/users/me
[31m[1mAssertionError[22m: expected 500 to be 200 // Object.is equality[39m

[32m- Expected[39m
[31m+ Received[39m

[32m- 200[39m
[31m+ 500[39m

[36m [2mΓ¥»[22m modules/user-management/tests/routes/user-management.routes.test.ts:[2m329:30[22m[39m
    [90m327|[39m     [34mit[39m([32m"GET /api/v1/users/me"[39m[33m,[39m [35masync[39m () [33m=>[39m {
    [90m328|[39m       const res = await app.inject({ method: "GET", url: "/api/v1/userΓÇª
    [90m329|[39m       [34mexpect[39m(res[33m.[39mstatusCode)[33m.[39m[34mtoBe[39m([34m200[39m)[33m;[39m
    [90m   |[39m                              [31m^[39m
    [90m330|[39m       expect(mockControllers.usersController.getCurrentUser).toHaveBeeΓÇª
    [90m331|[39m     })[33m;[39m

[31m[2mΓÄ»ΓÄ»ΓÄ»ΓÄ»ΓÄ»ΓÄ»ΓÄ»ΓÄ»ΓÄ»ΓÄ»ΓÄ»ΓÄ»ΓÄ»ΓÄ»ΓÄ»ΓÄ»ΓÄ»ΓÄ»ΓÄ»ΓÄ»ΓÄ»ΓÄ»[23/28]ΓÄ»[22m[39m

[41m[1m FAIL [22m[49m modules/user-management/tests/routes/user-management.routes.test.ts[2m > [22mUser 
Management Module Routes[2m > [22mUsers Routes (users.routes.ts)[2m > [22mGET /api/v1/admin/users
[31m[1mAssertionError[22m: expected 500 to be 200 // Object.is equality[39m

[32m- Expected[39m
[31m+ Received[39m

[32m- 200[39m
[31m+ 500[39m

[36m [2mΓ¥»[22m modules/user-management/tests/routes/user-management.routes.test.ts:[2m335:30[22m[39m
    [90m333|[39m     [34mit[39m([32m"GET /api/v1/admin/users"[39m[33m,[39m [35masync[39m () [33m=>[39m {
    [90m334|[39m       const res = await app.inject({ method: "GET", url: "/api/v1/admiΓÇª
    [90m335|[39m       [34mexpect[39m(res[33m.[39mstatusCode)[33m.[39m[34mtoBe[39m([34m200[39m)[33m;[39m
    [90m   |[39m                              [31m^[39m
    [90m336|[39m       expect(mockControllers.usersController.listUsers).toHaveBeenCallΓÇª
    [90m337|[39m     })[33m;[39m

[31m[2mΓÄ»ΓÄ»ΓÄ»ΓÄ»ΓÄ»ΓÄ»ΓÄ»ΓÄ»ΓÄ»ΓÄ»ΓÄ»ΓÄ»ΓÄ»ΓÄ»ΓÄ»ΓÄ»ΓÄ»ΓÄ»ΓÄ»ΓÄ»ΓÄ»ΓÄ»[24/28]ΓÄ»[22m[39m

[41m[1m FAIL [22m[49m modules/user-management/tests/routes/user-management.routes.test.ts[2m > [22mUser 
Management Module Routes[2m > [22mUsers Routes (users.routes.ts)[2m > [22mGET /api/v1/users/:userId
[31m[1mAssertionError[22m: expected 500 to be 200 // Object.is equality[39m

[32m- Expected[39m
[31m+ Received[39m

[32m- 200[39m

[2m Test Files [22m [1m[31m1 failed[39m[22m[90m (1)[39m
[2m      Tests [22m [1m[31m28 failed[39m[22m[2m | [22m[1m[32m3 passed[39m[22m[90m (31)[39m
[2m   Start at [22m 12:27:42
[2m   Duration [22m 2.29s[2m (transform 199ms, setup 0ms, import 644ms, tests 1.37s, environment 0ms)[22m

[31m+ 500[39m

[36m [2mΓ¥»[22m modules/user-management/tests/routes/user-management.routes.test.ts:[2m342:30[22m[39m
    [90m340|[39m       const res = await app.inject({ method: "GET", url: "/api/v1/userΓÇª
    [90m341|[39m       if (res.statusCode !== 200) console.error("GET /users/:userId faΓÇª
    [90m342|[39m       [34mexpect[39m(res[33m.[39mstatusCode)[33m.[39m[34mtoBe[39m([34m200[39m)[33m;[39m
    [90m   |[39m                              [31m^[39m
    [90m343|[39m       expect(mockControllers.usersController.getUser).toHaveBeenCalledΓÇª
    [90m344|[39m     })[33m;[39m

[31m[2mΓÄ»ΓÄ»ΓÄ»ΓÄ»ΓÄ»ΓÄ»ΓÄ»ΓÄ»ΓÄ»ΓÄ»ΓÄ»ΓÄ»ΓÄ»ΓÄ»ΓÄ»ΓÄ»ΓÄ»ΓÄ»ΓÄ»ΓÄ»ΓÄ»ΓÄ»[25/28]ΓÄ»[22m[39m

[41m[1m FAIL [22m[49m modules/user-management/tests/routes/user-management.routes.test.ts[2m > [22mUser 
Management Module Routes[2m > [22mUsers Routes (users.routes.ts)[2m > [22mPATCH /api/v1/users/:userId/status
[31m[1mAssertionError[22m: expected 500 to be 200 // Object.is equality[39m

[32m- Expected[39m
[31m+ Received[39m

[32m- 200[39m
[31m+ 500[39m

[36m [2mΓ¥»[22m modules/user-management/tests/routes/user-management.routes.test.ts:[2m352:30[22m[39m
    [90m350|[39m         payload[33m:[39m { status[33m:[39m [32m"active"[39m }[33m,[39m
    [90m351|[39m       })[33m;[39m
    [90m352|[39m       [34mexpect[39m(res[33m.[39mstatusCode)[33m.[39m[34mtoBe[39m([34m200[39m)[33m;[39m
    [90m   |[39m                              [31m^[39m
    [90m353|[39m       expect(mockControllers.usersController.updateStatus).toHaveBeenCΓÇª
    [90m354|[39m     })[33m;[39m

[31m[2mΓÄ»ΓÄ»ΓÄ»ΓÄ»ΓÄ»ΓÄ»ΓÄ»ΓÄ»ΓÄ»ΓÄ»ΓÄ»ΓÄ»ΓÄ»ΓÄ»ΓÄ»ΓÄ»ΓÄ»ΓÄ»ΓÄ»ΓÄ»ΓÄ»ΓÄ»[26/28]ΓÄ»[22m[39m

[41m[1m FAIL [22m[49m modules/user-management/tests/routes/user-management.routes.test.ts[2m > [22mUser 
Management Module Routes[2m > [22mUsers Routes (users.routes.ts)[2m > [22mPATCH /api/v1/users/:userId/role
[31m[1mAssertionError[22m: expected 500 to be 200 // Object.is equality[39m

[32m- Expected[39m
[31m+ Received[39m

[32m- 200[39m
[31m+ 500[39m

[36m [2mΓ¥»[22m modules/user-management/tests/routes/user-management.routes.test.ts:[2m362:30[22m[39m
    [90m360|[39m         payload[33m:[39m { role[33m:[39m [32m"ADMIN"[39m }[33m,[39m
    [90m361|[39m       })[33m;[39m
    [90m362|[39m       [34mexpect[39m(res[33m.[39mstatusCode)[33m.[39m[34mtoBe[39m([34m200[39m)[33m;[39m
    [90m   |[39m                              [31m^[39m
    [90m363|[39m       expect(mockControllers.usersController.updateRole).toHaveBeenCalΓÇª
    [90m364|[39m     })[33m;[39m

[31m[2mΓÄ»ΓÄ»ΓÄ»ΓÄ»ΓÄ»ΓÄ»ΓÄ»ΓÄ»ΓÄ»ΓÄ»ΓÄ»ΓÄ»ΓÄ»ΓÄ»ΓÄ»ΓÄ»ΓÄ»ΓÄ»ΓÄ»ΓÄ»ΓÄ»ΓÄ»[27/28]ΓÄ»[22m[39m

[41m[1m FAIL [22m[49m modules/user-management/tests/routes/user-management.routes.test.ts[2m > [22mUser 
Management Module Routes[2m > [22mUsers Routes (users.routes.ts)[2m > [22mPATCH 
/api/v1/users/:userId/email-verified
[31m[1mAssertionError[22m: expected 500 to be 200 // Object.is equality[39m

[32m- Expected[39m
[31m+ Received[39m

[32m- 200[39m
[31m+ 500[39m

[36m [2mΓ¥»[22m modules/user-management/tests/routes/user-management.routes.test.ts:[2m372:30[22m[39m
    [90m370|[39m         payload[33m:[39m { isVerified[33m:[39m [35mtrue[39m }[33m,[39m
    [90m371|[39m       })[33m;[39m
    [90m372|[39m       [34mexpect[39m(res[33m.[39mstatusCode)[33m.[39m[34mtoBe[39m([34m200[39m)[33m;[39m
    [90m   |[39m                              [31m^[39m
    [90m373|[39m       expect(mockControllers.usersController.toggleEmailVerification).ΓÇª
    [90m374|[39m     })[33m;[39m

[31m[2mΓÄ»ΓÄ»ΓÄ»ΓÄ»ΓÄ»ΓÄ»ΓÄ»ΓÄ»ΓÄ»ΓÄ»ΓÄ»ΓÄ»ΓÄ»ΓÄ»ΓÄ»ΓÄ»ΓÄ»ΓÄ»ΓÄ»ΓÄ»ΓÄ»ΓÄ»[28/28]ΓÄ»[22m[39m

